// Jest Snapshot v1, https://goo.gl/fbAQLP

exports[`test Button component render correctly button component 1`] = `
<button
  className="button__add"
  onClick={[MockFunction]}
  type="button"
/>
`;
