// Jest Snapshot v1, https://goo.gl/fbAQLP

exports[`test Item component render correctly item component 1`] = `
<div
  className="item"
  onClick={[Function]}
  onKeyPress={[Function]}
  role="button"
  tabIndex="abc123"
>
  <div
    className="item__check-mark"
  />
  <div
    className="item__text "
  >
    <p
      className="item__text__name"
    >
      <span>
        Test name
      </span>
    </p>
    <p
      className="item__text__description"
    >
      Test description
    </p>
    <p
      className="item__text__date"
    >
      Created at Date time
    </p>
  </div>
  <button
    className="button__edit"
    onClick={[Function]}
    type="button"
  >
    Edit
  </button>
  <button
    className="button__remove"
    onClick={[Function]}
    type="button"
  >
    Ã—
  </button>
</div>
`;
